Archive member included to satisfy reference by file (symbol)

c:/program files (x86)/atmel/studio/7.0/toolchain/avr8/avr8-gnu-toolchain/bin/../lib/gcc/avr/5.4.0/avr5\libgcc.a(_udivmodsi4.o)
                              MCAL/timer/Timer.o (__udivmodsi4)
c:/program files (x86)/atmel/studio/7.0/toolchain/avr8/avr8-gnu-toolchain/bin/../lib/gcc/avr/5.4.0/avr5\libgcc.a(_exit.o)
                              C:/Program Files (x86)/Atmel/Studio/7.0/Packs/atmel/ATmega_DFP/1.2.209/gcc/dev/atmega32a/avr5/crtatmega32a.o (exit)
c:/program files (x86)/atmel/studio/7.0/toolchain/avr8/avr8-gnu-toolchain/bin/../lib/gcc/avr/5.4.0/avr5\libgcc.a(_copy_data.o)
                              app/app.o (__do_copy_data)
c:/program files (x86)/atmel/studio/7.0/toolchain/avr8/avr8-gnu-toolchain/bin/../lib/gcc/avr/5.4.0/avr5\libgcc.a(_clear_bss.o)
                              app/app.o (__do_clear_bss)
c:/program files (x86)/atmel/studio/7.0/toolchain/avr8/avr8-gnu-toolchain/bin/../lib/gcc/avr/5.4.0/avr5\libgcc.a(_muldi3.o)
                              MCAL/timer/Timer.o (__muldi3)
c:/program files (x86)/atmel/studio/7.0/toolchain/avr8/avr8-gnu-toolchain/bin/../lib/gcc/avr/5.4.0/avr5\libgcc.a(_muldi3_6.o)
                              c:/program files (x86)/atmel/studio/7.0/toolchain/avr8/avr8-gnu-toolchain/bin/../lib/gcc/avr/5.4.0/avr5\libgcc.a(_muldi3.o) (__muldi3_6)
c:/program files (x86)/atmel/studio/7.0/toolchain/avr8/avr8-gnu-toolchain/bin/../lib/gcc/avr/5.4.0/avr5\libgcc.a(_udivdi3.o)
                              MCAL/timer/Timer.o (__udivdi3)
c:/program files (x86)/atmel/studio/7.0/toolchain/avr8/avr8-gnu-toolchain/bin/../lib/gcc/avr/5.4.0/avr5\libgcc.a(_udivmod64.o)
                              c:/program files (x86)/atmel/studio/7.0/toolchain/avr8/avr8-gnu-toolchain/bin/../lib/gcc/avr/5.4.0/avr5\libgcc.a(_udivdi3.o) (__udivmod64)
c:/program files (x86)/atmel/studio/7.0/toolchain/avr8/avr8-gnu-toolchain/bin/../lib/gcc/avr/5.4.0/avr5\libgcc.a(_umulhisi3.o)
                              c:/program files (x86)/atmel/studio/7.0/toolchain/avr8/avr8-gnu-toolchain/bin/../lib/gcc/avr/5.4.0/avr5\libgcc.a(_muldi3.o) (__umulhisi3)
c:/program files (x86)/atmel/studio/7.0/toolchain/avr8/avr8-gnu-toolchain/bin/../lib/gcc/avr/5.4.0/../../../../avr/lib/avr5\libc.a(utoa_ncheck.o)
                              HAL/lcd/lcd.o (__utoa_ncheck)
c:/program files (x86)/atmel/studio/7.0/toolchain/avr8/avr8-gnu-toolchain/bin/../lib/gcc/avr/5.4.0/../../../../avr/lib/avr5\libc.a(strrev.o)
                              c:/program files (x86)/atmel/studio/7.0/toolchain/avr8/avr8-gnu-toolchain/bin/../lib/gcc/avr/5.4.0/../../../../avr/lib/avr5\libc.a(utoa_ncheck.o) (strrev)

Discarded input sections

 .data          0x00000000        0x0 C:/Program Files (x86)/Atmel/Studio/7.0/Packs/atmel/ATmega_DFP/1.2.209/gcc/dev/atmega32a/avr5/crtatmega32a.o
 .bss           0x00000000        0x0 C:/Program Files (x86)/Atmel/Studio/7.0/Packs/atmel/ATmega_DFP/1.2.209/gcc/dev/atmega32a/avr5/crtatmega32a.o
 .text          0x00000000        0x0 app/app.o
 .data          0x00000000        0x0 app/app.o
 .bss           0x00000000        0x0 app/app.o
 .text          0x00000000        0x0 Firmware/os/os.o
 .data          0x00000000        0x0 Firmware/os/os.o
 .bss           0x00000000        0x0 Firmware/os/os.o
 .text          0x00000000        0x0 Firmware/os/osPost.o
 .data          0x00000000        0x0 Firmware/os/osPost.o
 .bss           0x00000000        0x0 Firmware/os/osPost.o
 .text          0x00000000        0x0 HAL/keypad/keypad.o
 .data          0x00000000        0x0 HAL/keypad/keypad.o
 .bss           0x00000000        0x0 HAL/keypad/keypad.o
 .text.KEYPAD_init
                0x00000000       0x24 HAL/keypad/keypad.o
 .text.KEYPAD_ReadInput
                0x00000000       0xf6 HAL/keypad/keypad.o
 .data.su8_col_selected.1626
                0x00000000        0x1 HAL/keypad/keypad.o
 .bss.gu8_KEYPAD_Read_Switch_Stage
                0x00000000        0x1 HAL/keypad/keypad.o
 .bss.gu8_keypad_is_init
                0x00000000        0x1 HAL/keypad/keypad.o
 .debug_info    0x00000000      0x196 HAL/keypad/keypad.o
 .debug_abbrev  0x00000000       0xf1 HAL/keypad/keypad.o
 .debug_loc     0x00000000      0x185 HAL/keypad/keypad.o
 .debug_aranges
                0x00000000       0x28 HAL/keypad/keypad.o
 .debug_ranges  0x00000000       0x18 HAL/keypad/keypad.o
 .debug_line    0x00000000      0x1a0 HAL/keypad/keypad.o
 .debug_str     0x00000000      0x213 HAL/keypad/keypad.o
 .comment       0x00000000       0x31 HAL/keypad/keypad.o
 .debug_frame   0x00000000       0x44 HAL/keypad/keypad.o
 .text          0x00000000        0x0 HAL/keypad/linkKeypad.o
 .data          0x00000000        0x0 HAL/keypad/linkKeypad.o
 .bss           0x00000000        0x0 HAL/keypad/linkKeypad.o
 .data.gu8_keypad_keys
                0x00000000        0x9 HAL/keypad/linkKeypad.o
 .debug_info    0x00000000       0x97 HAL/keypad/linkKeypad.o
 .debug_abbrev  0x00000000       0x56 HAL/keypad/linkKeypad.o
 .debug_aranges
                0x00000000       0x18 HAL/keypad/linkKeypad.o
 .debug_line    0x00000000       0x61 HAL/keypad/linkKeypad.o
 .debug_str     0x00000000      0x176 HAL/keypad/linkKeypad.o
 .comment       0x00000000       0x31 HAL/keypad/linkKeypad.o
 .text          0x00000000        0x0 HAL/lcd/lcd.o
 .data          0x00000000        0x0 HAL/lcd/lcd.o
 .bss           0x00000000        0x0 HAL/lcd/lcd.o
 .text.LCD_stringRowCol
                0x00000000       0x1a HAL/lcd/lcd.o
 .text.LCD_clearScreen
                0x00000000        0x8 HAL/lcd/lcd.o
 .text          0x00000000        0x0 main.o
 .data          0x00000000        0x0 main.o
 .bss           0x00000000        0x0 main.o
 .text          0x00000000        0x0 MCAL/adc/adc.o
 .data          0x00000000        0x0 MCAL/adc/adc.o
 .bss           0x00000000        0x0 MCAL/adc/adc.o
 .text          0x00000000        0x0 MCAL/dio/dio.o
 .data          0x00000000        0x0 MCAL/dio/dio.o
 .bss           0x00000000        0x0 MCAL/dio/dio.o
 .text.realPinNumber
                0x00000000       0x18 MCAL/dio/dio.o
 .text.DIO_Set_Direction
                0x00000000       0x60 MCAL/dio/dio.o
 .text.DIO_Set_Pin
                0x00000000       0xae MCAL/dio/dio.o
 .text.DIO_Read_Pin
                0x00000000       0x5e MCAL/dio/dio.o
 .text.DIO_Set_Port
                0x00000000       0x20 MCAL/dio/dio.o
 .text.DIO_Read_Port
                0x00000000       0x12 MCAL/dio/dio.o
 .text.DIO_Toggle_Pin
                0x00000000       0x38 MCAL/dio/dio.o
 .data.PIN_Address
                0x00000000        0x8 MCAL/dio/dio.o
 .data.PORT_Address
                0x00000000        0x8 MCAL/dio/dio.o
 .data.DDR_Address
                0x00000000        0x8 MCAL/dio/dio.o
 .bss.track_pins
                0x00000000       0x20 MCAL/dio/dio.o
 .debug_info    0x00000000      0x408 MCAL/dio/dio.o
 .debug_abbrev  0x00000000      0x1ec MCAL/dio/dio.o
 .debug_loc     0x00000000      0x47c MCAL/dio/dio.o
 .debug_aranges
                0x00000000       0x50 MCAL/dio/dio.o
 .debug_ranges  0x00000000       0x88 MCAL/dio/dio.o
 .debug_line    0x00000000      0x226 MCAL/dio/dio.o
 .debug_str     0x00000000      0x2f9 MCAL/dio/dio.o
 .comment       0x00000000       0x31 MCAL/dio/dio.o
 .debug_frame   0x00000000       0xa8 MCAL/dio/dio.o
 .text          0x00000000        0x0 MCAL/timer/Timer.o
 .data          0x00000000        0x0 MCAL/timer/Timer.o
 .bss           0x00000000        0x0 MCAL/timer/Timer.o
 .text.Timer_Stop
                0x00000000       0x2c MCAL/timer/Timer.o
 .text.Timer_getValue
                0x00000000       0x1e MCAL/timer/Timer.o
 .text.Timer_reset
                0x00000000       0x16 MCAL/timer/Timer.o
 .text          0x00000000        0x0 MCAL/timer/Timer_Config.o
 .data          0x00000000        0x0 MCAL/timer/Timer_Config.o
 .bss           0x00000000        0x0 MCAL/timer/Timer_Config.o
 .text          0x00000000        0x0 c:/program files (x86)/atmel/studio/7.0/toolchain/avr8/avr8-gnu-toolchain/bin/../lib/gcc/avr/5.4.0/avr5\libgcc.a(_udivmodsi4.o)
 .data          0x00000000        0x0 c:/program files (x86)/atmel/studio/7.0/toolchain/avr8/avr8-gnu-toolchain/bin/../lib/gcc/avr/5.4.0/avr5\libgcc.a(_udivmodsi4.o)
 .bss           0x00000000        0x0 c:/program files (x86)/atmel/studio/7.0/toolchain/avr8/avr8-gnu-toolchain/bin/../lib/gcc/avr/5.4.0/avr5\libgcc.a(_udivmodsi4.o)
 .text.libgcc.mul
                0x00000000        0x0 c:/program files (x86)/atmel/studio/7.0/toolchain/avr8/avr8-gnu-toolchain/bin/../lib/gcc/avr/5.4.0/avr5\libgcc.a(_udivmodsi4.o)
 .text.libgcc   0x00000000        0x0 c:/program files (x86)/atmel/studio/7.0/toolchain/avr8/avr8-gnu-toolchain/bin/../lib/gcc/avr/5.4.0/avr5\libgcc.a(_udivmodsi4.o)
 .text.libgcc.prologue
                0x00000000        0x0 c:/program files (x86)/atmel/studio/7.0/toolchain/avr8/avr8-gnu-toolchain/bin/../lib/gcc/avr/5.4.0/avr5\libgcc.a(_udivmodsi4.o)
 .text.libgcc.builtins
                0x00000000        0x0 c:/program files (x86)/atmel/studio/7.0/toolchain/avr8/avr8-gnu-toolchain/bin/../lib/gcc/avr/5.4.0/avr5\libgcc.a(_udivmodsi4.o)
 .text.libgcc.fmul
                0x00000000        0x0 c:/program files (x86)/atmel/studio/7.0/toolchain/avr8/avr8-gnu-toolchain/bin/../lib/gcc/avr/5.4.0/avr5\libgcc.a(_udivmodsi4.o)
 .text.libgcc.fixed
                0x00000000        0x0 c:/program files (x86)/atmel/studio/7.0/toolchain/avr8/avr8-gnu-toolchain/bin/../lib/gcc/avr/5.4.0/avr5\libgcc.a(_udivmodsi4.o)
 .text          0x00000000        0x0 c:/program files (x86)/atmel/studio/7.0/toolchain/avr8/avr8-gnu-toolchain/bin/../lib/gcc/avr/5.4.0/avr5\libgcc.a(_exit.o)
 .data          0x00000000        0x0 c:/program files (x86)/atmel/studio/7.0/toolchain/avr8/avr8-gnu-toolchain/bin/../lib/gcc/avr/5.4.0/avr5\libgcc.a(_exit.o)
 .bss           0x00000000        0x0 c:/program files (x86)/atmel/studio/7.0/toolchain/avr8/avr8-gnu-toolchain/bin/../lib/gcc/avr/5.4.0/avr5\libgcc.a(_exit.o)
 .text.libgcc.mul
                0x00000000        0x0 c:/program files (x86)/atmel/studio/7.0/toolchain/avr8/avr8-gnu-toolchain/bin/../lib/gcc/avr/5.4.0/avr5\libgcc.a(_exit.o)
 .text.libgcc.div
                0x00000000        0x0 c:/program files (x86)/atmel/studio/7.0/toolchain/avr8/avr8-gnu-toolchain/bin/../lib/gcc/avr/5.4.0/avr5\libgcc.a(_exit.o)
 .text.libgcc   0x00000000        0x0 c:/program files (x86)/atmel/studio/7.0/toolchain/avr8/avr8-gnu-toolchain/bin/../lib/gcc/avr/5.4.0/avr5\libgcc.a(_exit.o)
 .text.libgcc.prologue
                0x00000000        0x0 c:/program files (x86)/atmel/studio/7.0/toolchain/avr8/avr8-gnu-toolchain/bin/../lib/gcc/avr/5.4.0/avr5\libgcc.a(_exit.o)
 .text.libgcc.builtins
                0x00000000        0x0 c:/program files (x86)/atmel/studio/7.0/toolchain/avr8/avr8-gnu-toolchain/bin/../lib/gcc/avr/5.4.0/avr5\libgcc.a(_exit.o)
 .text.libgcc.fmul
                0x00000000        0x0 c:/program files (x86)/atmel/studio/7.0/toolchain/avr8/avr8-gnu-toolchain/bin/../lib/gcc/avr/5.4.0/avr5\libgcc.a(_exit.o)
 .text.libgcc.fixed
                0x00000000        0x0 c:/program files (x86)/atmel/studio/7.0/toolchain/avr8/avr8-gnu-toolchain/bin/../lib/gcc/avr/5.4.0/avr5\libgcc.a(_exit.o)
 .text          0x00000000        0x0 c:/program files (x86)/atmel/studio/7.0/toolchain/avr8/avr8-gnu-toolchain/bin/../lib/gcc/avr/5.4.0/avr5\libgcc.a(_copy_data.o)
 .data          0x00000000        0x0 c:/program files (x86)/atmel/studio/7.0/toolchain/avr8/avr8-gnu-toolchain/bin/../lib/gcc/avr/5.4.0/avr5\libgcc.a(_copy_data.o)
 .bss           0x00000000        0x0 c:/program files (x86)/atmel/studio/7.0/toolchain/avr8/avr8-gnu-toolchain/bin/../lib/gcc/avr/5.4.0/avr5\libgcc.a(_copy_data.o)
 .text.libgcc.mul
                0x00000000        0x0 c:/program files (x86)/atmel/studio/7.0/toolchain/avr8/avr8-gnu-toolchain/bin/../lib/gcc/avr/5.4.0/avr5\libgcc.a(_copy_data.o)
 .text.libgcc.div
                0x00000000        0x0 c:/program files (x86)/atmel/studio/7.0/toolchain/avr8/avr8-gnu-toolchain/bin/../lib/gcc/avr/5.4.0/avr5\libgcc.a(_copy_data.o)
 .text.libgcc   0x00000000        0x0 c:/program files (x86)/atmel/studio/7.0/toolchain/avr8/avr8-gnu-toolchain/bin/../lib/gcc/avr/5.4.0/avr5\libgcc.a(_copy_data.o)
 .text.libgcc.prologue
                0x00000000        0x0 c:/program files (x86)/atmel/studio/7.0/toolchain/avr8/avr8-gnu-toolchain/bin/../lib/gcc/avr/5.4.0/avr5\libgcc.a(_copy_data.o)
 .text.libgcc.builtins
                0x00000000        0x0 c:/program files (x86)/atmel/studio/7.0/toolchain/avr8/avr8-gnu-toolchain/bin/../lib/gcc/avr/5.4.0/avr5\libgcc.a(_copy_data.o)
 .text.libgcc.fmul
                0x00000000        0x0 c:/program files (x86)/atmel/studio/7.0/toolchain/avr8/avr8-gnu-toolchain/bin/../lib/gcc/avr/5.4.0/avr5\libgcc.a(_copy_data.o)
 .text.libgcc.fixed
                0x00000000        0x0 c:/program files (x86)/atmel/studio/7.0/toolchain/avr8/avr8-gnu-toolchain/bin/../lib/gcc/avr/5.4.0/avr5\libgcc.a(_copy_data.o)
 .text          0x00000000        0x0 c:/program files (x86)/atmel/studio/7.0/toolchain/avr8/avr8-gnu-toolchain/bin/../lib/gcc/avr/5.4.0/avr5\libgcc.a(_clear_bss.o)
 .data          0x00000000        0x0 c:/program files (x86)/atmel/studio/7.0/toolchain/avr8/avr8-gnu-toolchain/bin/../lib/gcc/avr/5.4.0/avr5\libgcc.a(_clear_bss.o)
 .bss           0x00000000        0x0 c:/program files (x86)/atmel/studio/7.0/toolchain/avr8/avr8-gnu-toolchain/bin/../lib/gcc/avr/5.4.0/avr5\libgcc.a(_clear_bss.o)
 .text.libgcc.mul
                0x00000000        0x0 c:/program files (x86)/atmel/studio/7.0/toolchain/avr8/avr8-gnu-toolchain/bin/../lib/gcc/avr/5.4.0/avr5\libgcc.a(_clear_bss.o)
 .text.libgcc.div
                0x00000000        0x0 c:/program files (x86)/atmel/studio/7.0/toolchain/avr8/avr8-gnu-toolchain/bin/../lib/gcc/avr/5.4.0/avr5\libgcc.a(_clear_bss.o)
 .text.libgcc   0x00000000        0x0 c:/program files (x86)/atmel/studio/7.0/toolchain/avr8/avr8-gnu-toolchain/bin/../lib/gcc/avr/5.4.0/avr5\libgcc.a(_clear_bss.o)
 .text.libgcc.prologue
                0x00000000        0x0 c:/program files (x86)/atmel/studio/7.0/toolchain/avr8/avr8-gnu-toolchain/bin/../lib/gcc/avr/5.4.0/avr5\libgcc.a(_clear_bss.o)
 .text.libgcc.builtins
                0x00000000        0x0 c:/program files (x86)/atmel/studio/7.0/toolchain/avr8/avr8-gnu-toolchain/bin/../lib/gcc/avr/5.4.0/avr5\libgcc.a(_clear_bss.o)
 .text.libgcc.fmul
                0x00000000        0x0 c:/program files (x86)/atmel/studio/7.0/toolchain/avr8/avr8-gnu-toolchain/bin/../lib/gcc/avr/5.4.0/avr5\libgcc.a(_clear_bss.o)
 .text.libgcc.fixed
                0x00000000        0x0 c:/program files (x86)/atmel/studio/7.0/toolchain/avr8/avr8-gnu-toolchain/bin/../lib/gcc/avr/5.4.0/avr5\libgcc.a(_clear_bss.o)
 .text          0x00000000        0x0 c:/program files (x86)/atmel/studio/7.0/toolchain/avr8/avr8-gnu-toolchain/bin/../lib/gcc/avr/5.4.0/avr5\libgcc.a(_muldi3.o)
 .data          0x00000000        0x0 c:/program files (x86)/atmel/studio/7.0/toolchain/avr8/avr8-gnu-toolchain/bin/../lib/gcc/avr/5.4.0/avr5\libgcc.a(_muldi3.o)
 .bss           0x00000000        0x0 c:/program files (x86)/atmel/studio/7.0/toolchain/avr8/avr8-gnu-toolchain/bin/../lib/gcc/avr/5.4.0/avr5\libgcc.a(_muldi3.o)
 .text.libgcc.div
                0x00000000        0x0 c:/program files (x86)/atmel/studio/7.0/toolchain/avr8/avr8-gnu-toolchain/bin/../lib/gcc/avr/5.4.0/avr5\libgcc.a(_muldi3.o)
 .text.libgcc   0x00000000        0x0 c:/program files (x86)/atmel/studio/7.0/toolchain/avr8/avr8-gnu-toolchain/bin/../lib/gcc/avr/5.4.0/avr5\libgcc.a(_muldi3.o)
 .text.libgcc.prologue
                0x00000000        0x0 c:/program files (x86)/atmel/studio/7.0/toolchain/avr8/avr8-gnu-toolchain/bin/../lib/gcc/avr/5.4.0/avr5\libgcc.a(_muldi3.o)
 .text.libgcc.builtins
                0x00000000        0x0 c:/program files (x86)/atmel/studio/7.0/toolchain/avr8/avr8-gnu-toolchain/bin/../lib/gcc/avr/5.4.0/avr5\libgcc.a(_muldi3.o)
 .text.libgcc.fmul
                0x00000000        0x0 c:/program files (x86)/atmel/studio/7.0/toolchain/avr8/avr8-gnu-toolchain/bin/../lib/gcc/avr/5.4.0/avr5\libgcc.a(_muldi3.o)
 .text.libgcc.fixed
                0x00000000        0x0 c:/program files (x86)/atmel/studio/7.0/toolchain/avr8/avr8-gnu-toolchain/bin/../lib/gcc/avr/5.4.0/avr5\libgcc.a(_muldi3.o)
 .text          0x00000000        0x0 c:/program files (x86)/atmel/studio/7.0/toolchain/avr8/avr8-gnu-toolchain/bin/../lib/gcc/avr/5.4.0/avr5\libgcc.a(_muldi3_6.o)
 .data          0x00000000        0x0 c:/program files (x86)/atmel/studio/7.0/toolchain/avr8/avr8-gnu-toolchain/bin/../lib/gcc/avr/5.4.0/avr5\libgcc.a(_muldi3_6.o)
 .bss           0x00000000        0x0 c:/program files (x86)/atmel/studio/7.0/toolchain/avr8/avr8-gnu-toolchain/bin/../lib/gcc/avr/5.4.0/avr5\libgcc.a(_muldi3_6.o)
 .text.libgcc.div
                0x00000000        0x0 c:/program files (x86)/atmel/studio/7.0/toolchain/avr8/avr8-gnu-toolchain/bin/../lib/gcc/avr/5.4.0/avr5\libgcc.a(_muldi3_6.o)
 .text.libgcc   0x00000000        0x0 c:/program files (x86)/atmel/studio/7.0/toolchain/avr8/avr8-gnu-toolchain/bin/../lib/gcc/avr/5.4.0/avr5\libgcc.a(_muldi3_6.o)
 .text.libgcc.prologue
                0x00000000        0x0 c:/program files (x86)/atmel/studio/7.0/toolchain/avr8/avr8-gnu-toolchain/bin/../lib/gcc/avr/5.4.0/avr5\libgcc.a(_muldi3_6.o)
 .text.libgcc.builtins
                0x00000000        0x0 c:/program files (x86)/atmel/studio/7.0/toolchain/avr8/avr8-gnu-toolchain/bin/../lib/gcc/avr/5.4.0/avr5\libgcc.a(_muldi3_6.o)
 .text.libgcc.fmul
                0x00000000        0x0 c:/program files (x86)/atmel/studio/7.0/toolchain/avr8/avr8-gnu-toolchain/bin/../lib/gcc/avr/5.4.0/avr5\libgcc.a(_muldi3_6.o)
 .text.libgcc.fixed
                0x00000000        0x0 c:/program files (x86)/atmel/studio/7.0/toolchain/avr8/avr8-gnu-toolchain/bin/../lib/gcc/avr/5.4.0/avr5\libgcc.a(_muldi3_6.o)
 .text          0x00000000        0x0 c:/program files (x86)/atmel/studio/7.0/toolchain/avr8/avr8-gnu-toolchain/bin/../lib/gcc/avr/5.4.0/avr5\libgcc.a(_udivdi3.o)
 .data          0x00000000        0x0 c:/program files (x86)/atmel/studio/7.0/toolchain/avr8/avr8-gnu-toolchain/bin/../lib/gcc/avr/5.4.0/avr5\libgcc.a(_udivdi3.o)
 .bss           0x00000000        0x0 c:/program files (x86)/atmel/studio/7.0/toolchain/avr8/avr8-gnu-toolchain/bin/../lib/gcc/avr/5.4.0/avr5\libgcc.a(_udivdi3.o)
 .text.libgcc.mul
                0x00000000        0x0 c:/program files (x86)/atmel/studio/7.0/toolchain/avr8/avr8-gnu-toolchain/bin/../lib/gcc/avr/5.4.0/avr5\libgcc.a(_udivdi3.o)
 .text.libgcc   0x00000000        0x0 c:/program files (x86)/atmel/studio/7.0/toolchain/avr8/avr8-gnu-toolchain/bin/../lib/gcc/avr/5.4.0/avr5\libgcc.a(_udivdi3.o)
 .text.libgcc.prologue
                0x00000000        0x0 c:/program files (x86)/atmel/studio/7.0/toolchain/avr8/avr8-gnu-toolchain/bin/../lib/gcc/avr/5.4.0/avr5\libgcc.a(_udivdi3.o)
 .text.libgcc.builtins
                0x00000000        0x0 c:/program files (x86)/atmel/studio/7.0/toolchain/avr8/avr8-gnu-toolchain/bin/../lib/gcc/avr/5.4.0/avr5\libgcc.a(_udivdi3.o)
 .text.libgcc.fmul
                0x00000000        0x0 c:/program files (x86)/atmel/studio/7.0/toolchain/avr8/avr8-gnu-toolchain/bin/../lib/gcc/avr/5.4.0/avr5\libgcc.a(_udivdi3.o)
 .text.libgcc.fixed
                0x00000000        0x0 c:/program files (x86)/atmel/studio/7.0/toolchain/avr8/avr8-gnu-toolchain/bin/../lib/gcc/avr/5.4.0/avr5\libgcc.a(_udivdi3.o)
 .text          0x00000000        0x0 c:/program files (x86)/atmel/studio/7.0/toolchain/avr8/avr8-gnu-toolchain/bin/../lib/gcc/avr/5.4.0/avr5\libgcc.a(_udivmod64.o)
 .data          0x00000000        0x0 c:/program files (x86)/atmel/studio/7.0/toolchain/avr8/avr8-gnu-toolchain/bin/../lib/gcc/avr/5.4.0/avr5\libgcc.a(_udivmod64.o)
 .bss           0x00000000        0x0 c:/program files (x86)/atmel/studio/7.0/toolchain/avr8/avr8-gnu-toolchain/bin/../lib/gcc/avr/5.4.0/avr5\libgcc.a(_udivmod64.o)
 .text.libgcc.mul
                0x00000000        0x0 c:/program files (x86)/atmel/studio/7.0/toolchain/avr8/avr8-gnu-toolchain/bin/../lib/gcc/avr/5.4.0/avr5\libgcc.a(_udivmod64.o)
 .text.libgcc   0x00000000        0x0 c:/program files (x86)/atmel/studio/7.0/toolchain/avr8/avr8-gnu-toolchain/bin/../lib/gcc/avr/5.4.0/avr5\libgcc.a(_udivmod64.o)
 .text.libgcc.prologue
                0x00000000        0x0 c:/program files (x86)/atmel/studio/7.0/toolchain/avr8/avr8-gnu-toolchain/bin/../lib/gcc/avr/5.4.0/avr5\libgcc.a(_udivmod64.o)
 .text.libgcc.builtins
                0x00000000        0x0 c:/program files (x86)/atmel/studio/7.0/toolchain/avr8/avr8-gnu-toolchain/bin/../lib/gcc/avr/5.4.0/avr5\libgcc.a(_udivmod64.o)
 .text.libgcc.fmul
                0x00000000        0x0 c:/program files (x86)/atmel/studio/7.0/toolchain/avr8/avr8-gnu-toolchain/bin/../lib/gcc/avr/5.4.0/avr5\libgcc.a(_udivmod64.o)
 .text.libgcc.fixed
                0x00000000        0x0 c:/program files (x86)/atmel/studio/7.0/toolchain/avr8/avr8-gnu-toolchain/bin/../lib/gcc/avr/5.4.0/avr5\libgcc.a(_udivmod64.o)
 .text          0x00000000        0x0 c:/program files (x86)/atmel/studio/7.0/toolchain/avr8/avr8-gnu-toolchain/bin/../lib/gcc/avr/5.4.0/avr5\libgcc.a(_umulhisi3.o)
 .data          0x00000000        0x0 c:/program files (x86)/atmel/studio/7.0/toolchain/avr8/avr8-gnu-toolchain/bin/../lib/gcc/avr/5.4.0/avr5\libgcc.a(_umulhisi3.o)
 .bss           0x00000000        0x0 c:/program files (x86)/atmel/studio/7.0/toolchain/avr8/avr8-gnu-toolchain/bin/../lib/gcc/avr/5.4.0/avr5\libgcc.a(_umulhisi3.o)
 .text.libgcc.div
                0x00000000        0x0 c:/program files (x86)/atmel/studio/7.0/toolchain/avr8/avr8-gnu-toolchain/bin/../lib/gcc/avr/5.4.0/avr5\libgcc.a(_umulhisi3.o)
 .text.libgcc   0x00000000        0x0 c:/program files (x86)/atmel/studio/7.0/toolchain/avr8/avr8-gnu-toolchain/bin/../lib/gcc/avr/5.4.0/avr5\libgcc.a(_umulhisi3.o)
 .text.libgcc.prologue
                0x00000000        0x0 c:/program files (x86)/atmel/studio/7.0/toolchain/avr8/avr8-gnu-toolchain/bin/../lib/gcc/avr/5.4.0/avr5\libgcc.a(_umulhisi3.o)
 .text.libgcc.builtins
                0x00000000        0x0 c:/program files (x86)/atmel/studio/7.0/toolchain/avr8/avr8-gnu-toolchain/bin/../lib/gcc/avr/5.4.0/avr5\libgcc.a(_umulhisi3.o)
 .text.libgcc.fmul
                0x00000000        0x0 c:/program files (x86)/atmel/studio/7.0/toolchain/avr8/avr8-gnu-toolchain/bin/../lib/gcc/avr/5.4.0/avr5\libgcc.a(_umulhisi3.o)
 .text.libgcc.fixed
                0x00000000        0x0 c:/program files (x86)/atmel/studio/7.0/toolchain/avr8/avr8-gnu-toolchain/bin/../lib/gcc/avr/5.4.0/avr5\libgcc.a(_umulhisi3.o)
 .text          0x00000000        0x0 c:/program files (x86)/atmel/studio/7.0/toolchain/avr8/avr8-gnu-toolchain/bin/../lib/gcc/avr/5.4.0/../../../../avr/lib/avr5\libc.a(utoa_ncheck.o)
 .data          0x00000000        0x0 c:/program files (x86)/atmel/studio/7.0/toolchain/avr8/avr8-gnu-toolchain/bin/../lib/gcc/avr/5.4.0/../../../../avr/lib/avr5\libc.a(utoa_ncheck.o)
 .bss           0x00000000        0x0 c:/program files (x86)/atmel/studio/7.0/toolchain/avr8/avr8-gnu-toolchain/bin/../lib/gcc/avr/5.4.0/../../../../avr/lib/avr5\libc.a(utoa_ncheck.o)
 .text          0x00000000        0x0 c:/program files (x86)/atmel/studio/7.0/toolchain/avr8/avr8-gnu-toolchain/bin/../lib/gcc/avr/5.4.0/../../../../avr/lib/avr5\libc.a(strrev.o)
 .data          0x00000000        0x0 c:/program files (x86)/atmel/studio/7.0/toolchain/avr8/avr8-gnu-toolchain/bin/../lib/gcc/avr/5.4.0/../../../../avr/lib/avr5\libc.a(strrev.o)
 .bss           0x00000000        0x0 c:/program files (x86)/atmel/studio/7.0/toolchain/avr8/avr8-gnu-toolchain/bin/../lib/gcc/avr/5.4.0/../../../../avr/lib/avr5\libc.a(strrev.o)

Memory Configuration

Name             Origin             Length             Attributes
text             0x00000000         0x00020000         xr
data             0x00800060         0x0000ffa0         rw !x
eeprom           0x00810000         0x00010000         rw !x
fuse             0x00820000         0x00000002         rw !x
lock             0x00830000         0x00000400         rw !x
signature        0x00840000         0x00000400         rw !x
user_signatures  0x00850000         0x00000400         rw !x
*default*        0x00000000         0xffffffff

Linker script and memory map

LOAD C:/Program Files (x86)/Atmel/Studio/7.0/Packs/atmel/ATmega_DFP/1.2.209/gcc/dev/atmega32a/avr5/crtatmega32a.o
LOAD app/app.o
LOAD Firmware/os/os.o
LOAD Firmware/os/osPost.o
LOAD HAL/keypad/keypad.o
LOAD HAL/keypad/linkKeypad.o
LOAD HAL/lcd/lcd.o
LOAD main.o
LOAD MCAL/adc/adc.o
LOAD MCAL/dio/dio.o
LOAD MCAL/timer/Timer.o
LOAD MCAL/timer/Timer_Config.o
START GROUP
LOAD c:/program files (x86)/atmel/studio/7.0/toolchain/avr8/avr8-gnu-toolchain/bin/../lib/gcc/avr/5.4.0/../../../../avr/lib/avr5\libm.a
END GROUP
START GROUP
LOAD c:/program files (x86)/atmel/studio/7.0/toolchain/avr8/avr8-gnu-toolchain/bin/../lib/gcc/avr/5.4.0/avr5\libgcc.a
LOAD c:/program files (x86)/atmel/studio/7.0/toolchain/avr8/avr8-gnu-toolchain/bin/../lib/gcc/avr/5.4.0/../../../../avr/lib/avr5\libm.a
LOAD c:/program files (x86)/atmel/studio/7.0/toolchain/avr8/avr8-gnu-toolchain/bin/../lib/gcc/avr/5.4.0/../../../../avr/lib/avr5\libc.a
LOAD C:/Program Files (x86)/Atmel/Studio/7.0/Packs/atmel/ATmega_DFP/1.2.209/gcc/dev/atmega32a/avr5\libatmega32a.a
END GROUP
                0x00020000                __TEXT_REGION_LENGTH__ = DEFINED (__TEXT_REGION_LENGTH__)?__TEXT_REGION_LENGTH__:0x20000
                0x0000ffa0                __DATA_REGION_LENGTH__ = DEFINED (__DATA_REGION_LENGTH__)?__DATA_REGION_LENGTH__:0xffa0
                0x00010000                __EEPROM_REGION_LENGTH__ = DEFINED (__EEPROM_REGION_LENGTH__)?__EEPROM_REGION_LENGTH__:0x10000
                [0x00000002]                __FUSE_REGION_LENGTH__ = DEFINED (__FUSE_REGION_LENGTH__)?__FUSE_REGION_LENGTH__:0x400
                0x00000400                __LOCK_REGION_LENGTH__ = DEFINED (__LOCK_REGION_LENGTH__)?__LOCK_REGION_LENGTH__:0x400
                0x00000400                __SIGNATURE_REGION_LENGTH__ = DEFINED (__SIGNATURE_REGION_LENGTH__)?__SIGNATURE_REGION_LENGTH__:0x400
                0x00000400                __USER_SIGNATURE_REGION_LENGTH__ = DEFINED (__USER_SIGNATURE_REGION_LENGTH__)?__USER_SIGNATURE_REGION_LENGTH__:0x400

.hash
 *(.hash)

.dynsym
 *(.dynsym)

.dynstr
 *(.dynstr)

.gnu.version
 *(.gnu.version)

.gnu.version_d
 *(.gnu.version_d)

.gnu.version_r
 *(.gnu.version_r)

.rel.init
 *(.rel.init)

.rela.init
 *(.rela.init)

.rel.text
 *(.rel.text)
 *(.rel.text.*)
 *(.rel.gnu.linkonce.t*)

.rela.text
 *(.rela.text)
 *(.rela.text.*)
 *(.rela.gnu.linkonce.t*)

.rel.fini
 *(.rel.fini)

.rela.fini
 *(.rela.fini)

.rel.rodata
 *(.rel.rodata)
 *(.rel.rodata.*)
 *(.rel.gnu.linkonce.r*)

.rela.rodata
 *(.rela.rodata)
 *(.rela.rodata.*)
 *(.rela.gnu.linkonce.r*)

.rel.data
 *(.rel.data)
 *(.rel.data.*)
 *(.rel.gnu.linkonce.d*)

.rela.data
 *(.rela.data)
 *(.rela.data.*)
 *(.rela.gnu.linkonce.d*)

.rel.ctors
 *(.rel.ctors)

.rela.ctors
 *(.rela.ctors)

.rel.dtors
 *(.rel.dtors)

.rela.dtors
 *(.rela.dtors)

.rel.got
 *(.rel.got)

.rela.got
 *(.rela.got)

.rel.bss
 *(.rel.bss)

.rela.bss
 *(.rela.bss)

.rel.plt
 *(.rel.plt)

.rela.plt
 *(.rela.plt)

.text           0x00000000      0xa20
 *(.vectors)
 .vectors       0x00000000       0x54 C:/Program Files (x86)/Atmel/Studio/7.0/Packs/atmel/ATmega_DFP/1.2.209/gcc/dev/atmega32a/avr5/crtatmega32a.o
                0x00000000                __vector_default
                0x00000000                __vectors
 *(.vectors)
 *(.progmem.gcc*)
                0x00000054                . = ALIGN (0x2)
                0x00000054                __trampolines_start = .
 *(.trampolines)
 .trampolines   0x00000054        0x0 linker stubs
 *(.trampolines*)
                0x00000054                __trampolines_end = .
 *libprintf_flt.a:*(.progmem.data)
 *libc.a:*(.progmem.data)
 *(.progmem*)
                0x00000054                . = ALIGN (0x2)
 *(.jumptables)
 *(.jumptables*)
 *(.lowtext)
 *(.lowtext*)
                0x00000054                __ctors_start = .
 *(.ctors)
                0x00000054                __ctors_end = .
                0x00000054                __dtors_start = .
 *(.dtors)
                0x00000054                __dtors_end = .
 SORT(*)(.ctors)
 SORT(*)(.dtors)
 *(.init0)
 .init0         0x00000054        0x0 C:/Program Files (x86)/Atmel/Studio/7.0/Packs/atmel/ATmega_DFP/1.2.209/gcc/dev/atmega32a/avr5/crtatmega32a.o
                0x00000054                __init
 *(.init0)
 *(.init1)
 *(.init1)
 *(.init2)
 .init2         0x00000054        0xc C:/Program Files (x86)/Atmel/Studio/7.0/Packs/atmel/ATmega_DFP/1.2.209/gcc/dev/atmega32a/avr5/crtatmega32a.o
 *(.init2)
 *(.init3)
 *(.init3)
 *(.init4)
 .init4         0x00000060       0x16 c:/program files (x86)/atmel/studio/7.0/toolchain/avr8/avr8-gnu-toolchain/bin/../lib/gcc/avr/5.4.0/avr5\libgcc.a(_copy_data.o)
                0x00000060                __do_copy_data
 .init4         0x00000076       0x10 c:/program files (x86)/atmel/studio/7.0/toolchain/avr8/avr8-gnu-toolchain/bin/../lib/gcc/avr/5.4.0/avr5\libgcc.a(_clear_bss.o)
                0x00000076                __do_clear_bss
 *(.init4)
 *(.init5)
 *(.init5)
 *(.init6)
 *(.init6)
 *(.init7)
 *(.init7)
 *(.init8)
 *(.init8)
 *(.init9)
 .init9         0x00000086        0x8 C:/Program Files (x86)/Atmel/Studio/7.0/Packs/atmel/ATmega_DFP/1.2.209/gcc/dev/atmega32a/avr5/crtatmega32a.o
 *(.init9)
 *(.text)
 .text          0x0000008e        0x4 C:/Program Files (x86)/Atmel/Studio/7.0/Packs/atmel/ATmega_DFP/1.2.209/gcc/dev/atmega32a/avr5/crtatmega32a.o
                0x0000008e                __vector_1
                0x0000008e                __vector_12
                0x0000008e                __bad_interrupt
                0x0000008e                __vector_6
                0x0000008e                __vector_3
                0x0000008e                __vector_13
                0x0000008e                __vector_17
                0x0000008e                __vector_19
                0x0000008e                __vector_7
                0x0000008e                __vector_5
                0x0000008e                __vector_4
                0x0000008e                __vector_9
                0x0000008e                __vector_2
                0x0000008e                __vector_15
                0x0000008e                __vector_8
                0x0000008e                __vector_14
                0x0000008e                __vector_10
                0x0000008e                __vector_18
                0x0000008e                __vector_20
                0x00000092                . = ALIGN (0x2)
 *(.text.*)
 .text.APP_displayTemp
                0x00000092       0x2e app/app.o
                0x00000092                APP_displayTemp
 .text.APP_init
                0x000000c0       0x2e app/app.o
                0x000000c0                APP_init
 .text.APP_measureTemp
                0x000000ee       0x12 app/app.o
                0x000000ee                APP_measureTemp
 .text.SOS_init
                0x00000100       0x36 Firmware/os/os.o
                0x00000100                SOS_init
 .text.SOS_CreateTask
                0x00000136       0xbe Firmware/os/os.o
                0x00000136                SOS_CreateTask
 .text.SOS_DeleteTask
                0x000001f4       0x72 Firmware/os/os.o
                0x000001f4                SOS_DeleteTask
 .text.SOS_Run  0x00000266       0xa8 Firmware/os/os.o
                0x00000266                SOS_Run
 .text.LCD_sendCommand
                0x0000030e       0x5a HAL/lcd/lcd.o
                0x0000030e                LCD_sendCommand
 .text.LCD_init
                0x00000368       0x26 HAL/lcd/lcd.o
                0x00000368                LCD_init
 .text.LCD_displayCharacter
                0x0000038e       0x5a HAL/lcd/lcd.o
                0x0000038e                LCD_displayCharacter
 .text.LCD_displayString
                0x000003e8       0x2c HAL/lcd/lcd.o
                0x000003e8                LCD_displayString
 .text.LCD_goToRowColumn
                0x00000414       0x1c HAL/lcd/lcd.o
                0x00000414                LCD_goToRowColumn
 .text.LCD_integerToString
                0x00000430       0x42 HAL/lcd/lcd.o
                0x00000430                LCD_integerToString
 .text.main     0x00000472       0x5a main.o
                0x00000472                main
 .text.ADC_init
                0x000004cc       0x22 MCAL/adc/adc.o
                0x000004cc                ADC_init
 .text.ADC_Start
                0x000004ee       0x34 MCAL/adc/adc.o
                0x000004ee                ADC_Start
 .text.ADC_SetCallBack
                0x00000522       0x14 MCAL/adc/adc.o
                0x00000522                ADC_SetCallBack
 .text.__vector_16
                0x00000536       0x5e MCAL/adc/adc.o
                0x00000536                __vector_16
 .text.Timer_Init
                0x00000594       0x6c MCAL/timer/Timer.o
                0x00000594                Timer_Init
 .text.Timer_setFlag
                0x00000600        0xa MCAL/timer/Timer.o
                0x00000600                Timer_setFlag
 .text.Timer_Start
                0x0000060a      0x1ae MCAL/timer/Timer.o
                0x0000060a                Timer_Start
 .text.__vector_11
                0x000007b8       0x3e MCAL/timer/Timer.o
                0x000007b8                __vector_11
 .text.libgcc.div
                0x000007f6       0x44 c:/program files (x86)/atmel/studio/7.0/toolchain/avr8/avr8-gnu-toolchain/bin/../lib/gcc/avr/5.4.0/avr5\libgcc.a(_udivmodsi4.o)
                0x000007f6                __udivmodsi4
 .text.libgcc.mul
                0x0000083a       0xa0 c:/program files (x86)/atmel/studio/7.0/toolchain/avr8/avr8-gnu-toolchain/bin/../lib/gcc/avr/5.4.0/avr5\libgcc.a(_muldi3.o)
                0x0000083a                __muldi3
 .text.libgcc.mul
                0x000008da       0x12 c:/program files (x86)/atmel/studio/7.0/toolchain/avr8/avr8-gnu-toolchain/bin/../lib/gcc/avr/5.4.0/avr5\libgcc.a(_muldi3_6.o)
                0x000008da                __muldi3_6
 .text.libgcc.div
                0x000008ec       0x1c c:/program files (x86)/atmel/studio/7.0/toolchain/avr8/avr8-gnu-toolchain/bin/../lib/gcc/avr/5.4.0/avr5\libgcc.a(_udivdi3.o)
                0x000008ec                __umoddi3
                0x000008f0                __udivdi3
                0x000008f2                __udivdi3_umoddi3
 .text.libgcc.div
                0x00000908       0xa2 c:/program files (x86)/atmel/studio/7.0/toolchain/avr8/avr8-gnu-toolchain/bin/../lib/gcc/avr/5.4.0/avr5\libgcc.a(_udivmod64.o)
                0x00000908                __udivmod64
 .text.libgcc.mul
                0x000009aa       0x1e c:/program files (x86)/atmel/studio/7.0/toolchain/avr8/avr8-gnu-toolchain/bin/../lib/gcc/avr/5.4.0/avr5\libgcc.a(_umulhisi3.o)
                0x000009aa                __umulhisi3
 .text.avr-libc
                0x000009c8       0x34 c:/program files (x86)/atmel/studio/7.0/toolchain/avr8/avr8-gnu-toolchain/bin/../lib/gcc/avr/5.4.0/../../../../avr/lib/avr5\libc.a(utoa_ncheck.o)
                0x000009c8                __utoa_ncheck
                0x000009ca                __utoa_common
 .text.avr-libc
                0x000009fc       0x20 c:/program files (x86)/atmel/studio/7.0/toolchain/avr8/avr8-gnu-toolchain/bin/../lib/gcc/avr/5.4.0/../../../../avr/lib/avr5\libc.a(strrev.o)
                0x000009fc                strrev
                0x00000a1c                . = ALIGN (0x2)
 *(.fini9)
 .fini9         0x00000a1c        0x0 c:/program files (x86)/atmel/studio/7.0/toolchain/avr8/avr8-gnu-toolchain/bin/../lib/gcc/avr/5.4.0/avr5\libgcc.a(_exit.o)
                0x00000a1c                _exit
                0x00000a1c                exit
 *(.fini9)
 *(.fini8)
 *(.fini8)
 *(.fini7)
 *(.fini7)
 *(.fini6)
 *(.fini6)
 *(.fini5)
 *(.fini5)
 *(.fini4)
 *(.fini4)
 *(.fini3)
 *(.fini3)
 *(.fini2)
 *(.fini2)
 *(.fini1)
 *(.fini1)
 *(.fini0)
 .fini0         0x00000a1c        0x4 c:/program files (x86)/atmel/studio/7.0/toolchain/avr8/avr8-gnu-toolchain/bin/../lib/gcc/avr/5.4.0/avr5\libgcc.a(_exit.o)
 *(.fini0)
                0x00000a20                _etext = .

.data           0x00800060       0x26 load address 0x00000a20
                0x00800060                PROVIDE (__data_start, .)
 *(.data)
 *(.data*)
 .data.timer_cfg
                0x00800060        0x7 Firmware/os/osPost.o
                0x00800060                timer_cfg
 .data.timer_values_registers
                0x00800067        0x6 MCAL/timer/Timer_Config.o
                0x00800067                timer_values_registers
 .data.control_register
                0x0080006d        0x6 MCAL/timer/Timer_Config.o
                0x0080006d                control_register
 *(.gnu.linkonce.d*)
 *(.rodata)
 .rodata        0x00800073        0x8 main.o
 *(.rodata*)
 .rodata.str1.1
                0x0080007b        0xb app/app.o
 *(.gnu.linkonce.r*)
                0x00800086                . = ALIGN (0x2)
                0x00800086                _edata = .
                0x00800086                PROVIDE (__data_end, .)

.bss            0x00800086       0x6e
                0x00800086                PROVIDE (__bss_start, .)
 *(.bss)
 *(.bss*)
 .bss.gStr_adc_config
                0x00800086        0x2 app/app.o
 .bss.gStr_TaskHandler
                0x00800088       0x1e Firmware/os/os.o
 .bss.gStr_SosTasks
                0x008000a6       0x28 Firmware/os/os.o
 .bss.gu8_SOS_Number_of_Created_Tasks
                0x008000ce        0x1 Firmware/os/os.o
 .bss.gu8_SOS_New_System_Tick
                0x008000cf        0x1 Firmware/os/os.o
 .bss.gu8_SOS_Prev_System_Tick
                0x008000d0        0x1 Firmware/os/os.o
 .bss.gu8_SOS_Is_Init
                0x008000d1        0x1 Firmware/os/os.o
 .bss.gPtr_callBack
                0x008000d2        0x2 MCAL/adc/adc.o
 .bss.gu8_adc_init
                0x008000d4        0x1 MCAL/adc/adc.o
 .bss.configuration
                0x008000d5       0x15 MCAL/timer/Timer.o
 .bss.ISR_flag  0x008000ea        0x2 MCAL/timer/Timer.o
 .bss.prescalers
                0x008000ec        0x8 MCAL/timer/Timer_Config.o
                0x008000ec                prescalers
 *(COMMON)
                0x008000f4                PROVIDE (__bss_end, .)
                0x00000a20                __data_load_start = LOADADDR (.data)
                0x00000a46                __data_load_end = (__data_load_start + SIZEOF (.data))

.noinit         0x008000f4        0x0
                [!provide]                PROVIDE (__noinit_start, .)
 *(.noinit*)
                [!provide]                PROVIDE (__noinit_end, .)
                0x008000f4                _end = .
                [!provide]                PROVIDE (__heap_start, .)

.eeprom         0x00810000        0x0
 *(.eeprom*)
                0x00810000                __eeprom_end = .

.fuse
 *(.fuse)
 *(.lfuse)
 *(.hfuse)
 *(.efuse)

.lock
 *(.lock*)

.signature
 *(.signature*)

.user_signatures
 *(.user_signatures*)

.stab
 *(.stab)

.stabstr
 *(.stabstr)

.stab.excl
 *(.stab.excl)

.stab.exclstr
 *(.stab.exclstr)

.stab.index
 *(.stab.index)

.stab.indexstr
 *(.stab.indexstr)

.comment        0x00000000       0x30
 *(.comment)
 .comment       0x00000000       0x30 app/app.o
                                 0x31 (size before relaxing)
 .comment       0x00000030       0x31 Firmware/os/os.o
 .comment       0x00000030       0x31 Firmware/os/osPost.o
 .comment       0x00000030       0x31 HAL/lcd/lcd.o
 .comment       0x00000030       0x31 main.o
 .comment       0x00000030       0x31 MCAL/adc/adc.o
 .comment       0x00000030       0x31 MCAL/timer/Timer.o
 .comment       0x00000030       0x31 MCAL/timer/Timer_Config.o

.note.gnu.avr.deviceinfo
                0x00000000       0x3c
 .note.gnu.avr.deviceinfo
                0x00000000       0x3c C:/Program Files (x86)/Atmel/Studio/7.0/Packs/atmel/ATmega_DFP/1.2.209/gcc/dev/atmega32a/avr5/crtatmega32a.o

.note.gnu.build-id
 *(.note.gnu.build-id)

.debug
 *(.debug)

.line
 *(.line)

.debug_srcinfo
 *(.debug_srcinfo)

.debug_sfnames
 *(.debug_sfnames)

.debug_aranges  0x00000000      0x198
 *(.debug_aranges)
 .debug_aranges
                0x00000000       0x30 app/app.o
 .debug_aranges
                0x00000030       0x38 Firmware/os/os.o
 .debug_aranges
                0x00000068       0x18 Firmware/os/osPost.o
 .debug_aranges
                0x00000080       0x58 HAL/lcd/lcd.o
 .debug_aranges
                0x000000d8       0x20 main.o
 .debug_aranges
                0x000000f8       0x38 MCAL/adc/adc.o
 .debug_aranges
                0x00000130       0x50 MCAL/timer/Timer.o
 .debug_aranges
                0x00000180       0x18 MCAL/timer/Timer_Config.o

.debug_pubnames
 *(.debug_pubnames)

.debug_info     0x00000000     0x1971
 *(.debug_info .gnu.linkonce.wi.*)
 .debug_info    0x00000000      0x4e6 C:/Program Files (x86)/Atmel/Studio/7.0/Packs/atmel/ATmega_DFP/1.2.209/gcc/dev/atmega32a/avr5/crtatmega32a.o
 .debug_info    0x000004e6      0x221 app/app.o
 .debug_info    0x00000707      0x38d Firmware/os/os.o
 .debug_info    0x00000a94       0xdf Firmware/os/osPost.o
 .debug_info    0x00000b73      0x5af HAL/lcd/lcd.o
 .debug_info    0x00001122      0x1c1 main.o
 .debug_info    0x000012e3      0x1d1 MCAL/adc/adc.o
 .debug_info    0x000014b4      0x3e8 MCAL/timer/Timer.o
 .debug_info    0x0000189c       0xd5 MCAL/timer/Timer_Config.o

.debug_abbrev   0x00000000      0xd20
 *(.debug_abbrev)
 .debug_abbrev  0x00000000      0x4a3 C:/Program Files (x86)/Atmel/Studio/7.0/Packs/atmel/ATmega_DFP/1.2.209/gcc/dev/atmega32a/avr5/crtatmega32a.o
 .debug_abbrev  0x000004a3       0xef app/app.o
 .debug_abbrev  0x00000592      0x15f Firmware/os/os.o
 .debug_abbrev  0x000006f1       0x60 Firmware/os/osPost.o
 .debug_abbrev  0x00000751      0x212 HAL/lcd/lcd.o
 .debug_abbrev  0x00000963       0xc6 main.o
 .debug_abbrev  0x00000a29       0xd6 MCAL/adc/adc.o
 .debug_abbrev  0x00000aff      0x1bb MCAL/timer/Timer.o
 .debug_abbrev  0x00000cba       0x66 MCAL/timer/Timer_Config.o

.debug_line     0x00000000      0xbe7
 *(.debug_line .debug_line.* .debug_line_end)
 .debug_line    0x00000000      0x115 C:/Program Files (x86)/Atmel/Studio/7.0/Packs/atmel/ATmega_DFP/1.2.209/gcc/dev/atmega32a/avr5/crtatmega32a.o
 .debug_line    0x00000115      0x107 app/app.o
 .debug_line    0x0000021c      0x21f Firmware/os/os.o
 .debug_line    0x0000043b       0x92 Firmware/os/osPost.o
 .debug_line    0x000004cd      0x2f1 HAL/lcd/lcd.o
 .debug_line    0x000007be       0xd8 main.o
 .debug_line    0x00000896      0x131 MCAL/adc/adc.o
 .debug_line    0x000009c7      0x1bd MCAL/timer/Timer.o
 .debug_line    0x00000b84       0x63 MCAL/timer/Timer_Config.o

.debug_frame    0x00000000      0x378
 *(.debug_frame)
 .debug_frame   0x00000000       0x5c app/app.o
 .debug_frame   0x0000005c       0x8c Firmware/os/os.o
 .debug_frame   0x000000e8       0xc0 HAL/lcd/lcd.o
 .debug_frame   0x000001a8       0x34 main.o
 .debug_frame   0x000001dc       0x9c MCAL/adc/adc.o
 .debug_frame   0x00000278      0x100 MCAL/timer/Timer.o

.debug_str      0x00000000      0x82a
 *(.debug_str)
 .debug_str     0x00000000      0x196 C:/Program Files (x86)/Atmel/Studio/7.0/Packs/atmel/ATmega_DFP/1.2.209/gcc/dev/atmega32a/avr5/crtatmega32a.o
 .debug_str     0x00000196      0x1ff app/app.o
                                0x238 (size before relaxing)
 .debug_str     0x00000395      0x1e8 Firmware/os/os.o
                                0x335 (size before relaxing)
 .debug_str     0x0000057d       0x18 Firmware/os/osPost.o
                                0x1ad (size before relaxing)
 .debug_str     0x00000595       0xdd HAL/lcd/lcd.o
                                0x277 (size before relaxing)
 .debug_str     0x00000672       0x17 main.o
                                0x1fe (size before relaxing)
 .debug_str     0x00000689       0x82 MCAL/adc/adc.o
                                0x224 (size before relaxing)
 .debug_str     0x0000070b      0x102 MCAL/timer/Timer.o
                                0x2d9 (size before relaxing)
 .debug_str     0x0000080d       0x1d MCAL/timer/Timer_Config.o
                                0x19b (size before relaxing)

.debug_loc      0x00000000      0xd6b
 *(.debug_loc)
 .debug_loc     0x00000000       0xcb app/app.o
 .debug_loc     0x000000cb      0x1e0 Firmware/os/os.o
 .debug_loc     0x000002ab      0x50f HAL/lcd/lcd.o
 .debug_loc     0x000007ba       0x47 main.o
 .debug_loc     0x00000801      0x20f MCAL/adc/adc.o
 .debug_loc     0x00000a10      0x35b MCAL/timer/Timer.o

.debug_macinfo
 *(.debug_macinfo)

.debug_weaknames
 *(.debug_weaknames)

.debug_funcnames
 *(.debug_funcnames)

.debug_typenames
 *(.debug_typenames)

.debug_varnames
 *(.debug_varnames)

.debug_pubtypes
 *(.debug_pubtypes)

.debug_ranges   0x00000000      0x170
 *(.debug_ranges)
 .debug_ranges  0x00000000       0x20 app/app.o
 .debug_ranges  0x00000020       0x28 Firmware/os/os.o
 .debug_ranges  0x00000048       0x48 HAL/lcd/lcd.o
 .debug_ranges  0x00000090       0x10 main.o
 .debug_ranges  0x000000a0       0x28 MCAL/adc/adc.o
 .debug_ranges  0x000000c8       0xa8 MCAL/timer/Timer.o

.debug_macro
 *(.debug_macro)
OUTPUT(Sos.elf elf32-avr)
LOAD linker stubs
